[www.salinatrek.org/index.html]
[backblue.gif]
[fade.gif]
[index.html]
[www.salinatrek.org/library/styles.css]
[www.salinatrek.org/library/Global_Functions.js]
[ajax.googleapis.com/ajax/libs/jquery/1.4.2/jquery.min.js]
[www.salinatrek.org/library/fadeslideshow.js]
[www.salinatrek.org/library/lightbox.css]
[www.salinatrek.org/library/colorbox.css]
[ajax.googleapis.com/ajax/libs/jquery/1.7.0/jquery.min.js]
[www.salinatrek.org/images/floater.png]
[www.salinatrek.org/index-2.html]
[www.salinatrek.org/images/logo.jpg]
[www.salinatrek.org/faq.html]
[www.salinatrek.org/media-resources.html]
[www.salinatrek.org/youth-and-leaders.html]
[www.salinatrek.org/mas-and-pas.html]
[www.salinatrek.org/images/trek-theme-hdr.png]
[www.salinatrek.org/pdf/trek-theme.pdf]
[www.salinatrek.org/images/calendar-hdr.png]
[www.salinatrek.org/images/what-to-expect-hdr.png]
[www.salinatrek.org/video1.html]
[www.salinatrek.org/images/video1-icon.jpg]
[www.salinatrek.org/video2.html]
[www.salinatrek.org/images/video2-icon.jpg]
[www.salinatrek.org/images/pioneer-stories-hdr.png]
[www.salinatrek.org/william-and-jane-james-family.html]
[www.salinatrek.org/joseph-and-emily-wall.html]
[www.salinatrek.org/library/visuallightbox.js]
[www.salinatrek.org/index.html]
[www.salinatrek.org/library/jquery.colorbox.js]
[www.salinatrek.org/images/bkg.jpg]
[www.salinatrek.org/images/topnav_bkg.jpg]
[www.salinatrek.org/library/styles.css]
[www.salinatrek.org/library/Global_Functions.js]
[www.salinatrek.org/library/fadeslideshow.js]
[www.salinatrek.org/images/prevlabel.gif]
[www.salinatrek.org/images/nextlabel.gif]
[www.salinatrek.org/library/lightbox.css]
[www.salinatrek.org/images/overlay.png]
[www.salinatrek.org/images/controls.png]
[www.salinatrek.org/images/border.png]
[www.salinatrek.org/images/loading_background.png]
[www.salinatrek.org/images/loading.gif]
[www.salinatrek.org/library/colorbox.css]
[www.salinatrek.org/index-2.html]
[www.salinatrek.org/faq.html]
[www.salinatrek.org/pdf/PioneerStory.pdf]
[www.salinatrek.org/images/icons/deseret-book-icon.jpg]
[www.salinatrek.org/images/icons/amazon-icon.jpg]
[www.salinatrek.org/images/martins-cove.jpg]
[www.salinatrek.org/images/mormon-trail.jpg]
[www.salinatrek.org/media-resources.html]
[www.salinatrek.org/images/icons/iconpdf.gif]
[www.salinatrek.org/pdf/youth-and-leader-handbook.pdf]
[www.salinatrek.org/pdf/trek-registration-form.pdf]
[www.salinatrek.org/pdf/parental-permission-medical-release.pdf]
[www.salinatrek.org/pdf/rusty-chain-productions-release-explanation.pdf]
[www.salinatrek.org/pdf/rusty-chain-productions-release.pdf]
[www.salinatrek.org/pdf/lds-media-release.pdf]
[www.salinatrek.org/pdf/male-clothing.pdf]
[www.salinatrek.org/pdf/female-clothing.pdf]
[www.salinatrek.org/pdf/trek-bucket.pdf]
[www.salinatrek.org/pdf/personal-packing-list.pdf]
[www.salinatrek.org/pdf/duty-to-God.pdf]
[www.salinatrek.org/pdf/personal-progress.pdf]
[www.salinatrek.org/youth-and-leaders.html]
[www.salinatrek.org/pdf/ma-and-pa-handbook.pdf]
[www.salinatrek.org/mas-and-pas.html]
[www.salinatrek.org/video1.html]
[www.salinatrek.org/video2.html]
[www.salinatrek.org/william-and-jane-james-family.html]
[www.salinatrek.org/joseph-and-emily-wall.html]
[www.salinatrek.org/library/visuallightbox.js]
[www.salinatrek.org/library/jquery.colorbox.js]
[www.salinatrek.org/images/ie6/borderTopLeft.html]
[www.salinatrek.org/images/ie6/borderTopCenter.html]
[www.salinatrek.org/images/ie6/borderTopRight.html]
[www.salinatrek.org/images/ie6/borderBottomLeft.html]
[www.salinatrek.org/images/ie6/borderBottomCenter.html]
[www.salinatrek.org/images/ie6/borderBottomRight.html]
[www.salinatrek.org/images/ie6/borderMiddleLeft.html]
[www.salinatrek.org/images/ie6/borderMiddleRight.html]
